Batch size: 1, prompt tokens: 128, tokens to generate: 128
Prompt processing (time to first token):
	avg (us):       237487
	avg (tokens/s): 538.977
	p50 (us):       237396
	stddev (us):    1463.37
	n:              5 * 128 token(s)
Token generation:
	avg (us):       66883.8
	avg (tokens/s): 14.9513
	p50 (us):       66164.4
	stddev (us):    7996.65
	n:              630 * 1 token(s)
Token sampling:
	avg (us):       70.4918
	avg (tokens/s): 14186
	p50 (us):       67.927
	stddev (us):    4.46511
	n:              5 * 1 token(s)
E2E generation (entire generation loop):
	avg (ms):       8665
	p50 (ms):       8662.1
	stddev (ms):    14.2074
	n:              5
Peak working set size (bytes): 12713615360
XRT build version: 2.25.37
Build hash: 0026185de81a179dc7d886197d3e35f9a179b4e8
Build hash date: Tue, 23 Jun 2026 09:36:22 +0800
Git branch: HEAD
PID: 114982
UID: 1000
[Sun Aug  9 18:10:31 2026 GMT]
HOST: amd
EXE: /home/amd/run_llm/model_benchmark
[XRT] WARNING: Legacy TXN flow is deprecated. Please migrate to the TXN flow with upgraded xclbin/ELF.
